              _             
             (_)            
   __ _ _ __  _ _ __   __ _ 
  / _` | '_ \| | '_ \ / _` |
 | (_| | | | | | | | | (_| |
  \__, |_| |_|_|_| |_|\__,_|
   __/ |                    
  |___/                     

gnina  master:2eb9c41   Built Mar  3 2025.
gnina is based on smina and AutoDock Vina.
Please cite appropriately.

Commandline: /triumvirate/apps/gnina/bin/gnina -r rec_0.pdb -l aGlc.sdf --autobox_ligand lig_D_0.pdb --num_modes 20 -o result_D_0.sdf --log result_lig_D_0.log
Using random seed: 318224782

mode |  affinity  |  intramol  |    CNN     |   CNN
     | (kcal/mol) | (kcal/mol) | pose score | affinity
-----+------------+------------+------------+----------
    1       -4.81       -0.09       0.9385      2.584
    2       -3.88       -0.22       0.9211      2.591
    3       -3.46       -0.25       0.8907      2.512
    4       -4.20       -0.24       0.8617      2.641
    5       -4.38       -0.03       0.8577      2.705
    6       -3.66       -0.25       0.8467      2.482
    7       -3.73       -0.05       0.8465      2.676
    8       -4.32       -0.23       0.8246      2.532
    9       -3.91       -0.22       0.8140      2.466
   10       -3.79       -0.24       0.8104      2.641
   11       -4.20       -0.21       0.7933      2.535
   12       -5.56       -0.06       0.7612      2.623
   13       -3.90       -0.05       0.7562      3.114
   14       -3.69       -0.03       0.7289      2.672
   15       -4.36       -0.24       0.7215      2.562
   16       -3.84       -0.04       0.6595      2.582
   17       -4.07       -0.24       0.6507      2.513
   18       -3.63       -0.20       0.5702      2.942
   19       -5.09       -0.20       0.5366      2.530
   20       -4.67       -0.24       0.4856      2.517
