              _             
             (_)            
   __ _ _ __  _ _ __   __ _ 
  / _` | '_ \| | '_ \ / _` |
 | (_| | | | | | | | | (_| |
  \__, |_| |_|_|_| |_|\__,_|
   __/ |                    
  |___/                     

gnina  master:2eb9c41   Built Mar  3 2025.
gnina is based on smina and AutoDock Vina.
Please cite appropriately.

Commandline: /triumvirate/apps/gnina/bin/gnina -r rec_0.pdb -l aGlc.sdf --autobox_ligand lig_B_0.pdb --num_modes 20 -o result_B_0.sdf --log result_lig_B_0.log
Using random seed: -795271504

mode |  affinity  |  intramol  |    CNN     |   CNN
     | (kcal/mol) | (kcal/mol) | pose score | affinity
-----+------------+------------+------------+----------
    1       -4.00       -0.24       0.9555      2.814
    2       -4.23       -0.21       0.9533      2.747
    3       -4.41       -0.04       0.9485      2.886
    4       -4.59        0.00       0.9108      2.721
    5       -4.31       -0.04       0.8936      2.986
    6       -3.71       -0.25       0.8863      2.812
    7       -4.34       -0.04       0.8834      2.805
    8       -3.98       -0.04       0.8741      2.897
    9       -3.97       -0.04       0.8736      2.742
   10       -3.88       -0.04       0.8308      2.956
   11       -3.89       -0.24       0.8263      2.783
   12       -3.65       -0.04       0.8237      2.858
   13       -3.96       -0.23       0.8229      2.701
   14       -3.81       -0.06       0.8184      2.772
   15       -3.92       -0.25       0.8092      3.111
   16       -4.46       -0.23       0.7784      2.706
   17       -4.19       -0.03       0.7758      2.775
   18       -3.94       -0.06       0.7496      2.721
   19       -3.72       -0.03       0.7254      2.598
   20       -4.56       -0.04       0.6911      2.611
