              _             
             (_)            
   __ _ _ __  _ _ __   __ _ 
  / _` | '_ \| | '_ \ / _` |
 | (_| | | | | | | | | (_| |
  \__, |_| |_|_|_| |_|\__,_|
   __/ |                    
  |___/                     

gnina  master:2eb9c41   Built Mar  3 2025.
gnina is based on smina and AutoDock Vina.
Please cite appropriately.

Commandline: /triumvirate/apps/gnina/bin/gnina -r rec_0.pdb -l aGlc.sdf --autobox_ligand lig_C_0.pdb --num_modes 20 -o result_C_0.sdf --log result_lig_C_0.log
Using random seed: 1908959282

mode |  affinity  |  intramol  |    CNN     |   CNN
     | (kcal/mol) | (kcal/mol) | pose score | affinity
-----+------------+------------+------------+----------
    1       -4.76        0.01       0.9580      2.871
    2       -4.22       -0.05       0.9514      2.754
    3       -4.16       -0.21       0.9446      2.738
    4       -3.28       -0.24       0.9346      2.697
    5       -3.84       -0.04       0.9270      2.690
    6       -3.80       -0.04       0.9252      2.713
    7       -3.98       -0.25       0.9174      2.768
    8       -3.00       -0.24       0.9121      2.686
    9       -4.01       -0.03       0.8900      2.695
   10       -3.90       -0.21       0.8870      2.660
   11       -3.97       -0.25       0.8765      2.732
   12       -4.22       -0.04       0.8071      2.773
   13       -2.91       -0.04       0.7788      2.553
   14       -3.23       -0.25       0.7638      2.554
   15       -2.66       -0.11       0.7479      2.623
   16       -4.43       -0.03       0.7287      2.674
   17       -4.12       -0.04       0.7208      2.515
   18       -3.54       -0.04       0.7138      2.531
   19       -3.04       -0.25       0.6791      2.566
   20       -3.08       -0.25       0.6613      2.789
