              _             
             (_)            
   __ _ _ __  _ _ __   __ _ 
  / _` | '_ \| | '_ \ / _` |
 | (_| | | | | | | | | (_| |
  \__, |_| |_|_|_| |_|\__,_|
   __/ |                    
  |___/                     

gnina  master:2eb9c41   Built Mar  3 2025.
gnina is based on smina and AutoDock Vina.
Please cite appropriately.

Commandline: /triumvirate/apps/gnina/bin/gnina -r rec_0.pdb -l bCellobiose.sdf --autobox_ligand lig_C_0.pdb --num_modes 20 -o result_C_0.sdf --log result_lig_C_0.log
Using random seed: 652469648

mode |  affinity  |  intramol  |    CNN     |   CNN
     | (kcal/mol) | (kcal/mol) | pose score | affinity
-----+------------+------------+------------+----------
    1       -4.61       -1.31       0.9523      3.361
    2       -4.64       -1.22       0.9454      3.387
    3       -4.23       -0.94       0.9318      3.446
    4       -5.18       -1.30       0.9228      3.268
    5       -4.30       -1.06       0.9211      3.384
    6       -5.20       -0.60       0.9171      2.805
    7       -4.87       -1.07       0.9019      3.218
    8       -4.33       -1.11       0.8906      3.435
    9       -5.14       -1.13       0.8838      3.123
   10       -4.66       -1.04       0.8714      3.101
   11       -5.02       -0.28       0.8687      3.069
   12       -4.27       -1.03       0.8676      3.222
   13       -4.22       -1.00       0.8491      3.397
   14       -5.64       -0.76       0.8457      2.863
   15       -4.40       -0.88       0.8343      3.167
   16       -4.19       -0.76       0.8281      3.276
   17       -4.39       -0.88       0.8226      3.039
   18       -4.13       -1.18       0.8143      3.283
   19       -4.16       -0.87       0.8136      2.842
   20       -4.25       -0.96       0.7851      3.035
