              _             
             (_)            
   __ _ _ __  _ _ __   __ _ 
  / _` | '_ \| | '_ \ / _` |
 | (_| | | | | | | | | (_| |
  \__, |_| |_|_|_| |_|\__,_|
   __/ |                    
  |___/                     

gnina  master:2eb9c41   Built Mar  3 2025.
gnina is based on smina and AutoDock Vina.
Please cite appropriately.

Commandline: /triumvirate/apps/gnina/bin/gnina -r rec_0.pdb -l bCellobiose.sdf --autobox_ligand lig_B_0.pdb --num_modes 20 -o result_B_0.sdf --log result_lig_B_0.log
Using random seed: -2057517824

mode |  affinity  |  intramol  |    CNN     |   CNN
     | (kcal/mol) | (kcal/mol) | pose score | affinity
-----+------------+------------+------------+----------
    1       -4.99       -1.41       0.9345      2.924
    2       -5.16       -1.31       0.8640      3.188
    3       -4.57       -0.99       0.8530      2.905
    4       -4.86       -1.05       0.8403      3.257
    5       -5.10       -0.82       0.7967      3.314
    6       -5.03       -1.42       0.7556      3.496
    7       -4.86       -0.76       0.7230      3.321
    8       -5.45       -1.10       0.7026      3.711
    9       -5.98       -0.89       0.6294      3.325
   10       -4.50       -1.36       0.6151      3.096
   11       -4.54       -0.95       0.5923      3.199
   12       -4.58       -1.17       0.5688      3.157
   13       -5.00       -0.30       0.5593      3.047
   14       -5.33       -0.47       0.5584      3.017
   15       -5.34       -0.48       0.5547      3.759
   16       -4.54       -1.25       0.4934      3.112
   17       -4.73       -0.66       0.4929      2.995
   18       -6.41       -0.45       0.4689      2.671
   19       -6.34       -1.21       0.4346      3.182
   20       -5.04       -0.60       0.4174      2.672
