              _             
             (_)            
   __ _ _ __  _ _ __   __ _ 
  / _` | '_ \| | '_ \ / _` |
 | (_| | | | | | | | | (_| |
  \__, |_| |_|_|_| |_|\__,_|
   __/ |                    
  |___/                     

gnina  master:2eb9c41   Built Mar  3 2025.
gnina is based on smina and AutoDock Vina.
Please cite appropriately.

Commandline: /triumvirate/apps/gnina/bin/gnina -r rec_0.pdb -l bCellobiose.sdf --autobox_ligand lig_D_0.pdb --num_modes 20 -o result_D_0.sdf --log result_lig_D_0.log
Using random seed: 267102420

mode |  affinity  |  intramol  |    CNN     |   CNN
     | (kcal/mol) | (kcal/mol) | pose score | affinity
-----+------------+------------+------------+----------
    1       -4.47       -0.45       0.9480      3.102
    2       -4.80       -1.05       0.9264      3.194
    3       -4.96       -0.98       0.8648      2.952
    4       -4.84       -1.15       0.8006      2.838
    5       -4.71       -1.02       0.7755      3.357
    6       -4.55       -0.82       0.7708      2.841
    7       -4.91       -1.27       0.7335      2.986
    8       -5.23       -0.83       0.7287      2.844
    9       -4.95       -0.76       0.7249      2.997
   10       -4.81       -1.21       0.6107      2.886
   11       -4.67       -0.42       0.5933      3.561
   12       -4.97       -1.26       0.5795      3.229
   13       -5.45       -1.18       0.5468      2.811
   14       -4.81       -1.03       0.5265      2.558
   15       -4.65       -0.25       0.5045      3.002
   16       -4.88       -0.99       0.4721      2.983
   17       -4.62       -0.90       0.4633      2.549
   18       -4.47       -0.46       0.4506      2.857
   19       -4.42       -1.32       0.3922      2.539
   20       -4.50       -0.99       0.3636      2.738
