              _             
             (_)            
   __ _ _ __  _ _ __   __ _ 
  / _` | '_ \| | '_ \ / _` |
 | (_| | | | | | | | | (_| |
  \__, |_| |_|_|_| |_|\__,_|
   __/ |                    
  |___/                     

gnina  master:2eb9c41   Built Mar  3 2025.
gnina is based on smina and AutoDock Vina.
Please cite appropriately.

Commandline: /triumvirate/apps/gnina/bin/gnina -r rec_0.pdb -l bGentiobiose.sdf --autobox_ligand lig_C_0.pdb --num_modes 20 -o result_C_0.sdf --log result_lig_C_0.log
Using random seed: 1735998041

mode |  affinity  |  intramol  |    CNN     |   CNN
     | (kcal/mol) | (kcal/mol) | pose score | affinity
-----+------------+------------+------------+----------
    1       -5.58       -0.62       0.9723      3.318
    2       -5.52       -0.82       0.9643      3.043
    3       -4.53       -0.87       0.9543      2.886
    4       -4.70       -0.65       0.9474      3.419
    5       -5.66       -0.35       0.9460      3.345
    6       -5.43       -0.45       0.9450      3.105
    7       -5.14       -0.86       0.9447      2.988
    8       -4.65       -0.81       0.9415      3.072
    9       -5.21       -0.64       0.9387      2.875
   10       -5.28       -0.87       0.9358      3.021
   11       -4.58       -0.90       0.9260      2.926
   12       -4.72       -0.33       0.9173      2.943
   13       -4.95       -0.76       0.9148      2.782
   14       -4.45       -0.73       0.9136      2.951
   15       -4.59        0.23       0.9131      2.952
   16       -4.70       -0.56       0.9061      3.004
   17       -4.51       -1.02       0.9058      2.811
   18       -4.88       -0.98       0.9035      2.781
   19       -4.69       -1.10       0.8945      3.313
   20       -5.64       -0.75       0.8871      2.699
