              _             
             (_)            
   __ _ _ __  _ _ __   __ _ 
  / _` | '_ \| | '_ \ / _` |
 | (_| | | | | | | | | (_| |
  \__, |_| |_|_|_| |_|\__,_|
   __/ |                    
  |___/                     

gnina  master:2eb9c41   Built Mar  3 2025.
gnina is based on smina and AutoDock Vina.
Please cite appropriately.

Commandline: /triumvirate/apps/gnina/bin/gnina -r rec_0.pdb -l bGentiobiose.sdf --autobox_ligand lig_D_0.pdb --num_modes 20 -o result_D_0.sdf --log result_lig_D_0.log
Using random seed: 151117832

mode |  affinity  |  intramol  |    CNN     |   CNN
     | (kcal/mol) | (kcal/mol) | pose score | affinity
-----+------------+------------+------------+----------
    1       -4.86       -1.18       0.9232      3.221
    2       -5.08       -0.69       0.8125      2.640
    3       -4.66        0.21       0.7993      3.186
    4       -4.70       -1.17       0.7904      2.982
    5       -5.80       -0.58       0.7283      2.922
    6       -6.86       -0.66       0.6386      2.780
    7       -4.94       -0.81       0.6355      3.118
    8       -5.85       -0.38       0.6344      2.948
    9       -4.53       -0.61       0.5928      2.783
   10       -4.52       -0.57       0.5673      2.909
   11       -4.50       -1.11       0.5393      2.558
   12       -4.70       -1.03       0.5333      2.564
   13       -5.90       -0.49       0.5264      2.872
   14       -5.74       -0.69       0.5228      2.388
   15       -5.77       -0.70       0.5182      2.563
   16       -5.35       -0.79       0.5062      2.536
   17       -5.12        0.50       0.5040      2.783
   18       -4.53       -0.63       0.4852      3.239
   19       -5.72       -0.41       0.4664      2.712
   20       -5.53       -0.43       0.4579      2.853
