              _             
             (_)            
   __ _ _ __  _ _ __   __ _ 
  / _` | '_ \| | '_ \ / _` |
 | (_| | | | | | | | | (_| |
  \__, |_| |_|_|_| |_|\__,_|
   __/ |                    
  |___/                     

gnina  master:2eb9c41   Built Mar  3 2025.
gnina is based on smina and AutoDock Vina.
Please cite appropriately.

Commandline: /triumvirate/apps/gnina/bin/gnina -r rec_0.pdb -l bGentiobiose.sdf --autobox_ligand lig_B_0.pdb --num_modes 20 -o result_B_0.sdf --log result_lig_B_0.log
Using random seed: -974086232

mode |  affinity  |  intramol  |    CNN     |   CNN
     | (kcal/mol) | (kcal/mol) | pose score | affinity
-----+------------+------------+------------+----------
    1       -4.60       -0.60       0.9231      3.016
    2       -6.09        0.23       0.9106      2.921
    3       -4.55       -0.08       0.8971      2.905
    4       -4.88       -0.40       0.8831      3.208
    5       -5.15       -0.58       0.8726      2.875
    6       -5.39       -0.73       0.8571      2.819
    7       -6.31       -0.84       0.8487      2.915
    8       -4.77       -0.63       0.7811      2.879
    9       -5.03       -0.85       0.7699      2.780
   10       -5.22       -0.74       0.7676      2.998
   11       -5.94       -0.65       0.7602      2.734
   12       -7.72       -0.64       0.7213      2.784
   13       -4.67       -0.55       0.6948      3.327
   14       -4.84       -0.58       0.6820      3.101
   15       -5.30       -1.00       0.6754      2.660
   16       -6.18        0.57       0.6408      2.637
   17       -5.29       -0.98       0.6379      2.901
   18       -4.54       -1.14       0.6373      2.660
   19       -5.46       -0.35       0.6338      2.839
   20       -5.97       -0.47       0.6327      2.831
