              _             
             (_)            
   __ _ _ __  _ _ __   __ _ 
  / _` | '_ \| | '_ \ / _` |
 | (_| | | | | | | | | (_| |
  \__, |_| |_|_|_| |_|\__,_|
   __/ |                    
  |___/                     

gnina  master:2eb9c41   Built Mar  3 2025.
gnina is based on smina and AutoDock Vina.
Please cite appropriately.

Commandline: /triumvirate/apps/gnina/bin/gnina -r rec_0.pdb -l aGentiobiose.sdf --autobox_ligand lig_B_0.pdb --num_modes 20 -o result_B_0.sdf --log result_lig_B_0.log
Using random seed: 591362272

mode |  affinity  |  intramol  |    CNN     |   CNN
     | (kcal/mol) | (kcal/mol) | pose score | affinity
-----+------------+------------+------------+----------
    1       -5.63       -0.46       0.9486      3.120
    2       -4.67       -0.57       0.9256      2.918
    3       -4.58       -0.71       0.9233      2.887
    4       -4.31       -0.68       0.9142      3.115
    5       -4.14       -0.86       0.9063      2.891
    6       -5.07        0.43       0.9019      3.491
    7       -5.13       -0.57       0.8954      2.828
    8       -5.18       -0.54       0.8931      3.359
    9       -4.81       -0.81       0.8923      3.129
   10       -5.25       -0.98       0.8704      2.936
   11       -4.08       -0.88       0.8673      3.178
   12       -5.78       -0.48       0.8664      3.295
   13       -5.05       -0.46       0.8507      2.810
   14       -4.23       -0.81       0.8238      3.074
   15       -5.18       -0.54       0.8219      3.336
   16       -4.92       -0.56       0.7736      2.948
   17       -4.28       -0.92       0.7734      2.913
   18       -4.35       -0.79       0.7728      2.966
   19       -4.87       -0.46       0.6985      3.284
   20       -4.87       -0.81       0.6982      3.160
