              _             
             (_)            
   __ _ _ __  _ _ __   __ _ 
  / _` | '_ \| | '_ \ / _` |
 | (_| | | | | | | | | (_| |
  \__, |_| |_|_|_| |_|\__,_|
   __/ |                    
  |___/                     

gnina  master:2eb9c41   Built Mar  3 2025.
gnina is based on smina and AutoDock Vina.
Please cite appropriately.

Commandline: /triumvirate/apps/gnina/bin/gnina -r rec_0.pdb -l aGentiobiose.sdf --autobox_ligand lig_D_0.pdb --num_modes 20 -o result_D_0.sdf --log result_lig_D_0.log
Using random seed: 1716533508

mode |  affinity  |  intramol  |    CNN     |   CNN
     | (kcal/mol) | (kcal/mol) | pose score | affinity
-----+------------+------------+------------+----------
    1       -5.20       -0.69       0.9424      3.238
    2       -4.97       -0.92       0.8260      3.309
    3       -4.58       -0.92       0.8161      3.166
    4       -4.83       -0.82       0.7785      3.422
    5       -5.49       -0.87       0.7126      2.914
    6       -4.93       -0.80       0.6929      3.359
    7       -5.39       -0.97       0.6122      2.781
    8       -4.58        0.22       0.6105      3.546
    9       -5.28       -1.04       0.6017      2.934
   10       -5.34       -0.95       0.5295      3.369
   11       -4.65       -0.98       0.5260      3.076
   12       -4.76       -1.27       0.5174      3.211
   13       -4.80       -0.85       0.4617      2.773
   14       -4.68       -1.05       0.4434      3.362
   15       -4.64       -1.12       0.3694      2.975
   16       -5.23       -1.15       0.3692      2.597
   17       -5.54       -1.12       0.3487      2.592
   18       -5.20       -0.66       0.3172      2.567
   19       -5.56       -0.59       0.2970      2.509
   20       -5.18       -0.35       0.2826      2.988
