              _             
             (_)            
   __ _ _ __  _ _ __   __ _ 
  / _` | '_ \| | '_ \ / _` |
 | (_| | | | | | | | | (_| |
  \__, |_| |_|_|_| |_|\__,_|
   __/ |                    
  |___/                     

gnina  master:2eb9c41   Built Mar  3 2025.
gnina is based on smina and AutoDock Vina.
Please cite appropriately.

Commandline: /triumvirate/apps/gnina/bin/gnina -r rec_0.pdb -l aGentiobiose.sdf --autobox_ligand lig_C_0.pdb --num_modes 20 -o result_C_0.sdf --log result_lig_C_0.log
Using random seed: -993537165

mode |  affinity  |  intramol  |    CNN     |   CNN
     | (kcal/mol) | (kcal/mol) | pose score | affinity
-----+------------+------------+------------+----------
    1       -4.64       -0.64       0.9316      3.049
    2       -4.17       -0.61       0.9220      3.096
    3       -6.14       -0.21       0.9082      3.070
    4       -4.56       -0.42       0.9060      3.212
    5       -4.54       -0.67       0.9002      3.181
    6       -6.18       -0.73       0.8830      3.011
    7       -4.15       -0.79       0.8753      3.717
    8       -4.47       -1.04       0.8739      2.980
    9       -6.02       -0.66       0.8727      2.998
   10       -5.01       -0.90       0.8591      2.949
   11       -5.87       -1.12       0.8461      3.110
   12       -4.82       -0.74       0.8216      3.380
   13       -5.07       -0.87       0.8148      2.863
   14       -5.28       -0.52       0.7873      3.032
   15       -4.18       -0.89       0.7677      3.429
   16       -5.03       -0.20       0.7495      2.652
   17       -4.70       -0.70       0.7418      3.347
   18       -4.58       -0.81       0.7265      2.741
   19       -6.59       -0.54       0.6942      2.799
   20       -4.42       -0.57       0.6891      3.071
