              _             
             (_)            
   __ _ _ __  _ _ __   __ _ 
  / _` | '_ \| | '_ \ / _` |
 | (_| | | | | | | | | (_| |
  \__, |_| |_|_|_| |_|\__,_|
   __/ |                    
  |___/                     

gnina  master:2eb9c41   Built Mar  3 2025.
gnina is based on smina and AutoDock Vina.
Please cite appropriately.

Commandline: /triumvirate/apps/gnina/bin/gnina -r rec_0.pdb -l bLaminaribiose.sdf --autobox_ligand lig_B_0.pdb --num_modes 20 -o result_B_0.sdf --log result_lig_B_0.log
Using random seed: 932203468

mode |  affinity  |  intramol  |    CNN     |   CNN
     | (kcal/mol) | (kcal/mol) | pose score | affinity
-----+------------+------------+------------+----------
    1       -5.63       -1.22       0.9060      3.196
    2       -5.92       -0.88       0.9013      3.349
    3       -6.37       -0.04       0.8572      2.930
    4       -4.78       -0.82       0.8223      2.987
    5       -4.72       -1.18       0.8222      2.868
    6       -4.70       -0.96       0.7787      3.146
    7       -5.29       -0.55       0.7677      3.100
    8       -4.82       -0.53       0.7345      3.043
    9       -6.67       -0.49       0.7216      3.576
   10       -5.88       -0.70       0.6645      2.804
   11       -5.07       -0.84       0.6596      3.075
   12       -6.46       -0.97       0.6471      3.309
   13       -6.21       -0.25       0.5804      3.165
   14       -4.82       -0.26       0.5747      3.381
   15       -5.06       -1.05       0.5500      3.115
   16       -6.80        0.57       0.5356      3.245
   17       -4.97       -0.68       0.5345      2.573
   18       -6.84       -0.51       0.5186      2.726
   19       -5.31       -1.29       0.5031      2.930
   20       -4.93       -1.08       0.4684      2.905
