              _             
             (_)            
   __ _ _ __  _ _ __   __ _ 
  / _` | '_ \| | '_ \ / _` |
 | (_| | | | | | | | | (_| |
  \__, |_| |_|_|_| |_|\__,_|
   __/ |                    
  |___/                     

gnina  master:2eb9c41   Built Mar  3 2025.
gnina is based on smina and AutoDock Vina.
Please cite appropriately.

Commandline: /triumvirate/apps/gnina/bin/gnina -r rec_0.pdb -l bLaminaribiose.sdf --autobox_ligand lig_C_0.pdb --num_modes 20 -o result_C_0.sdf --log result_lig_C_0.log
Using random seed: -652736262

mode |  affinity  |  intramol  |    CNN     |   CNN
     | (kcal/mol) | (kcal/mol) | pose score | affinity
-----+------------+------------+------------+----------
    1       -5.12       -0.87       0.9425      3.130
    2       -4.36       -1.02       0.9393      3.339
    3       -4.32       -0.94       0.9236      3.329
    4       -4.51       -0.83       0.9203      3.186
    5       -4.55       -0.80       0.9163      3.466
    6       -4.40       -1.19       0.9146      3.207
    7       -6.01       -0.26       0.9090      3.395
    8       -4.66        0.68       0.9064      3.092
    9       -4.61       -1.03       0.8890      3.266
   10       -4.95       -1.10       0.8820      3.041
   11       -4.39       -1.41       0.8786      3.401
   12       -5.26       -1.40       0.8688      2.994
   13       -4.26       -1.30       0.8612      3.045
   14       -4.41       -0.19       0.8603      3.204
   15       -4.83       -0.63       0.8592      3.040
   16       -4.63       -0.83       0.8587      3.297
   17       -4.99       -0.44       0.8581      3.297
   18       -4.27       -1.10       0.8277      2.897
   19       -4.60       -0.95       0.7965      3.228
   20       -5.87       -0.72       0.7845      3.420
