              _             
             (_)            
   __ _ _ __  _ _ __   __ _ 
  / _` | '_ \| | '_ \ / _` |
 | (_| | | | | | | | | (_| |
  \__, |_| |_|_|_| |_|\__,_|
   __/ |                    
  |___/                     

gnina  master:2eb9c41   Built Mar  3 2025.
gnina is based on smina and AutoDock Vina.
Please cite appropriately.

Commandline: /triumvirate/apps/gnina/bin/gnina -r rec_0.pdb -l bLaminaribiose.sdf --autobox_ligand lig_D_0.pdb --num_modes 20 -o result_D_0.sdf --log result_lig_D_0.log
Using random seed: 2057294118

mode |  affinity  |  intramol  |    CNN     |   CNN
     | (kcal/mol) | (kcal/mol) | pose score | affinity
-----+------------+------------+------------+----------
    1       -4.85       -1.13       0.9563      3.371
    2       -4.69       -1.29       0.9383      3.197
    3       -4.73        0.29       0.9290      3.243
    4       -5.44       -1.07       0.9152      3.314
    5       -4.78        0.22       0.8856      2.863
    6       -4.87       -1.15       0.8710      3.319
    7       -5.00       -0.54       0.8592      3.160
    8       -5.33       -1.01       0.8176      2.810
    9       -4.62       -0.86       0.7469      3.257
   10       -5.04       -0.71       0.7430      2.712
   11       -4.85       -0.11       0.6506      3.686
   12       -5.03       -0.88       0.5904      2.750
   13       -4.67       -1.03       0.5337      2.931
   14       -6.70       -0.71       0.5223      2.639
   15       -5.03       -1.04       0.5210      2.675
   16       -5.38       -1.18       0.4971      2.496
   17       -5.93       -0.35       0.4693      3.274
   18       -6.20       -0.53       0.4496      2.470
   19       -5.88       -1.40       0.3831      2.524
   20       -4.86       -0.38       0.3602      3.354
