              _             
             (_)            
   __ _ _ __  _ _ __   __ _ 
  / _` | '_ \| | '_ \ / _` |
 | (_| | | | | | | | | (_| |
  \__, |_| |_|_|_| |_|\__,_|
   __/ |                    
  |___/                     

gnina  master:2eb9c41   Built Mar  3 2025.
gnina is based on smina and AutoDock Vina.
Please cite appropriately.

Commandline: /triumvirate/apps/gnina/bin/gnina -r rec_0.pdb -l bSophorose.sdf --autobox_ligand lig_D_0.pdb --num_modes 20 -o result_D_0.sdf --log result_lig_D_0.log
Using random seed: -1012943472

mode |  affinity  |  intramol  |    CNN     |   CNN
     | (kcal/mol) | (kcal/mol) | pose score | affinity
-----+------------+------------+------------+----------
    1       -4.66       -1.36       0.9432      3.127
    2       -4.46       -0.81       0.8773      2.977
    3       -6.46       -0.78       0.8014      2.756
    4       -5.64       -1.14       0.7965      2.797
    5       -4.97       -0.77       0.7924      2.659
    6       -4.75       -0.42       0.7893      2.881
    7       -4.65        1.06       0.7453      2.855
    8       -4.69       -0.26       0.6790      2.681
    9       -5.41       -1.24       0.6611      2.494
   10       -4.69       -0.97       0.5958      2.792
   11       -5.65       -0.67       0.5958      2.887
   12       -4.57       -1.17       0.5493      3.237
   13       -5.98       -0.36       0.5252      3.039
   14       -5.62       -0.42       0.5003      2.649
   15       -4.97       -1.43       0.4846      3.697
   16       -4.66       -0.17       0.4637      3.723
   17       -4.68       -1.34       0.4481      2.737
   18       -4.89       -1.18       0.4099      3.283
   19       -5.06       -0.97       0.3856      3.327
   20       -4.85       -0.85       0.3787      2.705
