              _             
             (_)            
   __ _ _ __  _ _ __   __ _ 
  / _` | '_ \| | '_ \ / _` |
 | (_| | | | | | | | | (_| |
  \__, |_| |_|_|_| |_|\__,_|
   __/ |                    
  |___/                     

gnina  master:2eb9c41   Built Mar  3 2025.
gnina is based on smina and AutoDock Vina.
Please cite appropriately.

Commandline: /triumvirate/apps/gnina/bin/gnina -r rec_0.pdb -l bSophorose.sdf --autobox_ligand lig_C_0.pdb --num_modes 20 -o result_C_0.sdf --log result_lig_C_0.log
Using random seed: 571969565

mode |  affinity  |  intramol  |    CNN     |   CNN
     | (kcal/mol) | (kcal/mol) | pose score | affinity
-----+------------+------------+------------+----------
    1       -5.86       -1.15       0.9259      2.807
    2       -5.50       -1.05       0.9208      3.082
    3       -6.06       -0.95       0.9181      2.987
    4       -4.80       -0.87       0.8351      3.364
    5       -4.92       -0.90       0.8074      2.826
    6       -4.96       -0.80       0.8055      2.784
    7       -5.12       -1.19       0.7474      3.283
    8       -5.43       -1.02       0.7039      3.329
    9       -5.70       -1.05       0.6811      3.028
   10       -6.16       -0.34       0.6180      3.113
   11       -5.64       -0.92       0.4991      3.092
   12       -4.95       -0.11       0.4777      2.466
   13       -4.77       -0.94       0.4082      3.108
   14       -4.93       -1.29       0.3522      2.784
   15       -5.00       -0.56       0.3434      2.766
   16       -5.17       -0.83       0.3177      2.486
   17       -5.56       -0.66       0.3115      2.858
   18       -6.52        0.47       0.2997      2.558
   19       -4.86       -1.05       0.2818      3.227
   20       -5.32       -0.95       0.2608      2.890
