              _             
             (_)            
   __ _ _ __  _ _ __   __ _ 
  / _` | '_ \| | '_ \ / _` |
 | (_| | | | | | | | | (_| |
  \__, |_| |_|_|_| |_|\__,_|
   __/ |                    
  |___/                     

gnina  master:2eb9c41   Built Mar  3 2025.
gnina is based on smina and AutoDock Vina.
Please cite appropriately.

Commandline: /triumvirate/apps/gnina/bin/gnina -r rec_0.pdb -l bSophorose.sdf --autobox_ligand lig_B_0.pdb --num_modes 20 -o result_B_0.sdf --log result_lig_B_0.log
Using random seed: 412697004

mode |  affinity  |  intramol  |    CNN     |   CNN
     | (kcal/mol) | (kcal/mol) | pose score | affinity
-----+------------+------------+------------+----------
    1       -4.19       -1.18       0.9494      3.127
    2       -4.27       -1.18       0.9494      3.229
    3       -4.08       -1.16       0.9404      3.078
    4       -4.75       -1.15       0.9396      2.924
    5       -4.64       -1.40       0.9159      2.912
    6       -5.60       -0.51       0.9118      2.862
    7       -5.94       -0.72       0.9101      2.934
    8       -5.23       -1.32       0.9030      2.900
    9       -5.24       -0.80       0.8910      2.967
   10       -4.77       -0.88       0.8852      2.953
   11       -4.75       -0.26       0.8341      2.798
   12       -5.26       -0.85       0.8159      3.101
   13       -4.42       -1.16       0.8139      2.827
   14       -4.07       -1.09       0.8138      2.909
   15       -4.48       -1.38       0.7679      2.630
   16       -4.56       -0.73       0.7563      2.976
   17       -6.17       -1.24       0.7337      3.012
   18       -4.23       -0.95       0.7191      2.686
   19       -3.65       -0.91       0.7144      2.697
   20       -5.09       -1.01       0.6839      2.960
