              _             
             (_)            
   __ _ _ __  _ _ __   __ _ 
  / _` | '_ \| | '_ \ / _` |
 | (_| | | | | | | | | (_| |
  \__, |_| |_|_|_| |_|\__,_|
   __/ |                    
  |___/                     

gnina  master:2eb9c41   Built Mar  3 2025.
gnina is based on smina and AutoDock Vina.
Please cite appropriately.

Commandline: /triumvirate/apps/gnina/bin/gnina -r rec_0.pdb -l aSophorose.sdf --autobox_ligand lig_B_0.pdb --num_modes 20 -o result_B_0.sdf --log result_lig_B_0.log
Using random seed: 637016377

mode |  affinity  |  intramol  |    CNN     |   CNN
     | (kcal/mol) | (kcal/mol) | pose score | affinity
-----+------------+------------+------------+----------
    1       -5.02       -0.49       0.9659      3.046
    2       -5.12       -0.52       0.9597      2.929
    3       -4.32       -0.77       0.9540      3.358
    4       -3.96       -0.61       0.9471      3.537
    5       -5.77       -1.04       0.9456      3.088
    6       -3.86       -0.64       0.9442      3.246
    7       -5.30       -0.79       0.9332      2.900
    8       -4.62       -0.76       0.9282      2.924
    9       -5.87       -0.56       0.9146      2.875
   10       -4.52       -0.74       0.9043      3.027
   11       -3.55       -0.79       0.8976      3.287
   12       -4.04        0.05       0.8794      3.030
   13       -4.54       -1.05       0.8788      2.927
   14       -3.87       -0.45       0.8681      2.903
   15       -4.89       -0.49       0.8615      2.882
   16       -3.99       -0.78       0.8416      3.192
   17       -4.10       -1.01       0.8316      2.973
   18       -4.69       -0.33       0.8088      3.002
   19       -4.42       -0.81       0.8085      3.010
   20       -3.96       -0.60       0.7935      2.906
