              _             
             (_)            
   __ _ _ __  _ _ __   __ _ 
  / _` | '_ \| | '_ \ / _` |
 | (_| | | | | | | | | (_| |
  \__, |_| |_|_|_| |_|\__,_|
   __/ |                    
  |___/                     

gnina  master:2eb9c41   Built Mar  3 2025.
gnina is based on smina and AutoDock Vina.
Please cite appropriately.

Commandline: /triumvirate/apps/gnina/bin/gnina -r rec_0.pdb -l aSophorose.sdf --autobox_ligand lig_C_0.pdb --num_modes 20 -o result_C_0.sdf --log result_lig_C_0.log
Using random seed: 782619382

mode |  affinity  |  intramol  |    CNN     |   CNN
     | (kcal/mol) | (kcal/mol) | pose score | affinity
-----+------------+------------+------------+----------
    1       -5.24       -0.39       0.9483      2.936
    2       -5.23       -0.79       0.9390      2.895
    3       -6.04       -0.40       0.9180      2.834
    4       -4.94       -0.47       0.8284      3.029
    5       -5.12       -0.96       0.8145      3.141
    6       -5.61       -0.35       0.7888      2.915
    7       -4.95       -0.74       0.7664      2.938
    8       -6.27        0.09       0.7588      2.966
    9       -5.22       -1.22       0.7206      2.806
   10       -6.41       -0.24       0.6922      2.758
   11       -4.57       -1.05       0.6780      2.800
   12       -5.72       -0.55       0.6721      2.759
   13       -6.24       -0.28       0.6575      2.718
   14       -5.94       -0.99       0.6049      2.738
   15       -6.08       -0.60       0.5519      2.542
   16       -4.64       -0.40       0.5454      2.729
   17       -5.51       -0.89       0.5376      3.029
   18       -5.12       -0.58       0.5359      2.792
   19       -5.34       -1.10       0.4945      2.772
   20       -5.65       -0.87       0.4647      2.641
