              _             
             (_)            
   __ _ _ __  _ _ __   __ _ 
  / _` | '_ \| | '_ \ / _` |
 | (_| | | | | | | | | (_| |
  \__, |_| |_|_|_| |_|\__,_|
   __/ |                    
  |___/                     

gnina  master:2eb9c41   Built Mar  3 2025.
gnina is based on smina and AutoDock Vina.
Please cite appropriately.

Commandline: /triumvirate/apps/gnina/bin/gnina -r rec_0.pdb -l aSophorose.sdf --autobox_ligand lig_D_0.pdb --num_modes 20 -o result_D_0.sdf --log result_lig_D_0.log
Using random seed: -818821416

mode |  affinity  |  intramol  |    CNN     |   CNN
     | (kcal/mol) | (kcal/mol) | pose score | affinity
-----+------------+------------+------------+----------
    1       -4.87       -0.73       0.9386      2.799
    2       -4.84       -0.55       0.9335      3.290
    3       -4.57       -0.79       0.8290      3.437
    4       -4.81       -0.79       0.8210      3.099
    5       -5.18       -0.45       0.7981      2.909
    6       -4.65       -0.35       0.7886      3.279
    7       -4.60       -1.16       0.7728      3.003
    8       -5.15       -0.78       0.7713      3.206
    9       -4.63       -0.82       0.7424      4.023
   10       -5.51       -1.02       0.7198      3.163
   11       -5.38       -0.68       0.6902      2.508
   12       -4.97        0.20       0.6699      3.033
   13       -4.44       -1.18       0.6452      2.599
   14       -5.21       -0.86       0.6445      3.617
   15       -4.60       -0.87       0.6225      3.004
   16       -4.98       -0.67       0.5934      2.924
   17       -5.61        0.31       0.5235      2.578
   18       -6.15       -0.74       0.4830      2.832
   19       -4.49       -0.59       0.4415      2.964
   20       -4.88       -0.51       0.4328      3.529
