============================================================================
| ACPYPE: AnteChamber PYthon Parser interfacE v. 2023.10.27 (c) 2026 AWSdS |
============================================================================
DEBUG: CLI: -p prot.prmtop -x prot.inpcrd
DEBUG: Python Version 3.12.11 | packaged by conda-forge | (main, Jun 4 2025, 14:45:31) [GCC 13.3.0]
Converting Amber input files to Gromacs ...
DEBUG: prmtop and inpcrd files loaded
DEBUG: basename defined = 'prot'
DEBUG: GMX does not like atomtype starting with Digit
DEBUG: prefixing AtomType ['3C', '2C'] with 'A'.
DEBUG: getCoords done
DEBUG: getABCOEFs done
DEBUG: charge to be balanced: total 14.0000023598
DEBUG: balanceCharges done
DEBUG: Balanced TotalCharge 14.0000000000
DEBUG: PBC = None
DEBUG: getAtoms done
DEBUG: getBonds done
DEBUG: getAngles done
DEBUG: getDihedrals done
==> Writing GROMACS files

==> Disambiguating lower and uppercase atomtypes in GMX top file, even if identical.

DEBUG: writing GRO file
DEBUG: Box size estimated
DEBUG: writing POSRE file
DEBUG: atomTypes 56
DEBUG: GMX atomtypes done
DEBUG: atoms 39765
DEBUG: GMX atoms done
DEBUG: bonds 39608
DEBUG: GMX bonds done
DEBUG: atomPairs 105747
DEBUG: GMX pairs done
DEBUG: angles 75582
DEBUG: GMX angles done
DEBUG: setProperDihedralsCoef done
DEBUG: properDihedralsCoefRB 105096
DEBUG: properDihedralsAlphaGamma 2008
DEBUG: properDihedralsGmx45 156649
==> Writing GMX dihedrals for GMX 4.5 and higher.

DEBUG: GMX special proper dihedrals done
DEBUG: improperDihedrals 2153
DEBUG: GMX improper dihedrals done
==> Non-default 1-4 scale parameters detected. Converting individually. Please cite:

 BERNARDI, A., FALLER, R., REITH, D., and KIRSCHNER, K. N. ACPYPE update for
 nonuniform 1-4 scale factors: Conversion of the GLYCAM06 force field from AMBER
 to GROMACS. SoftwareX 10 (2019), 100241. doi: 10.1016/j.softx.2019.100241"

DEBUG: prmtop and inpcrd files parsed
Total time of execution: 4s
DEBUG: No tmp folder left to be removed
