              _             
             (_)            
   __ _ _ __  _ _ __   __ _ 
  / _` | '_ \| | '_ \ / _` |
 | (_| | | | | | | | | (_| |
  \__, |_| |_|_|_| |_|\__,_|
   __/ |                    
  |___/                     

gnina  master:2eb9c41   Built Mar  3 2025.
gnina is based on smina and AutoDock Vina.
Please cite appropriately.

Commandline: /triumvirate/apps/gnina/bin/gnina -r rec_0.pdb -l aCellobiose.sdf --autobox_ligand lig_C_0.pdb --num_modes 20 -o result_C_0.sdf --log result_lig_C_0.log
Using random seed: 1475376117

mode |  affinity  |  intramol  |    CNN     |   CNN
     | (kcal/mol) | (kcal/mol) | pose score | affinity
-----+------------+------------+------------+----------
    1       -4.36       -0.78       0.9566      3.254
    2       -4.95       -0.83       0.9560      2.957
    3       -4.72       -1.09       0.9513      2.892
    4       -4.58       -1.48       0.9480      2.905
    5       -4.55       -1.03       0.9291      2.946
    6       -4.67       -0.89       0.9173      2.843
    7       -4.79       -1.41       0.9149      3.099
    8       -4.37       -0.95       0.9035      3.102
    9       -4.77       -0.23       0.8943      3.118
   10       -4.34       -1.16       0.8937      2.837
   11       -4.73       -1.05       0.8879      2.921
   12       -3.72       -0.76       0.8828      3.078
   13       -5.31       -0.96       0.8632      2.846
   14       -4.51       -1.01       0.8581      2.867
   15       -4.72       -1.40       0.8553      3.019
   16       -4.90       -0.33       0.8408      2.903
   17       -5.20       -0.83       0.8369      2.714
   18       -5.32       -0.62       0.8325      2.786
   19       -4.42       -0.54       0.8312      2.788
   20       -4.28       -1.42       0.8200      2.798
