              _             
             (_)            
   __ _ _ __  _ _ __   __ _ 
  / _` | '_ \| | '_ \ / _` |
 | (_| | | | | | | | | (_| |
  \__, |_| |_|_|_| |_|\__,_|
   __/ |                    
  |___/                     

gnina  master:2eb9c41   Built Mar  3 2025.
gnina is based on smina and AutoDock Vina.
Please cite appropriately.

Commandline: /triumvirate/apps/gnina/bin/gnina -r rec_0.pdb -l aCellobiose.sdf --autobox_ligand lig_B_0.pdb --num_modes 20 -o result_B_0.sdf --log result_lig_B_0.log
Using random seed: -1234588736

mode |  affinity  |  intramol  |    CNN     |   CNN
     | (kcal/mol) | (kcal/mol) | pose score | affinity
-----+------------+------------+------------+----------
    1       -4.96       -0.97       0.8775      3.109
    2       -5.99       -0.53       0.8612      2.917
    3       -5.47       -1.51       0.8133      3.034
    4       -5.71       -0.89       0.7955      2.738
    5       -6.04       -0.34       0.7257      2.960
    6       -6.06       -0.52       0.6575      2.729
    7       -4.96       -0.95       0.6178      2.880
    8       -6.73       -0.56       0.6094      3.667
    9       -6.25       -0.86       0.5552      3.637
   10       -5.43       -0.87       0.5339      3.002
   11       -5.50       -0.73       0.5231      2.860
   12       -5.27       -0.87       0.5187      2.671
   13       -5.96       -0.16       0.5029      2.504
   14       -5.80       -1.23       0.4786      2.780
   15       -5.25       -1.16       0.4643      2.944
   16       -4.89       -0.81       0.4534      2.860
   17       -5.68       -1.10       0.4298      2.859
   18       -6.89       -0.48       0.4226      2.697
   19       -5.20       -0.05       0.3976      2.561
   20       -5.51       -1.13       0.3617      2.964
