              _             
             (_)            
   __ _ _ __  _ _ __   __ _ 
  / _` | '_ \| | '_ \ / _` |
 | (_| | | | | | | | | (_| |
  \__, |_| |_|_|_| |_|\__,_|
   __/ |                    
  |___/                     

gnina  master:2eb9c41   Built Mar  3 2025.
gnina is based on smina and AutoDock Vina.
Please cite appropriately.

Commandline: /triumvirate/apps/gnina/bin/gnina -r rec_0.pdb -l aCellobiose.sdf --autobox_ligand lig_D_0.pdb --num_modes 20 -o result_D_0.sdf --log result_lig_D_0.log
Using random seed: -109623512

mode |  affinity  |  intramol  |    CNN     |   CNN
     | (kcal/mol) | (kcal/mol) | pose score | affinity
-----+------------+------------+------------+----------
    1       -4.43       -1.10       0.8882      2.915
    2       -4.95       -0.82       0.8499      3.400
    3       -5.98       -0.16       0.8161      2.859
    4       -4.36       -1.00       0.7690      2.853
    5       -4.42       -0.76       0.7017      3.585
    6       -5.39       -0.80       0.6738      2.866
    7       -5.10       -1.15       0.6426      2.773
    8       -5.40       -0.67       0.6202      2.839
    9       -4.30       -1.14       0.5670      3.069
   10       -4.46       -0.34       0.5572      3.302
   11       -4.78       -1.19       0.5549      3.546
   12       -5.30       -1.32       0.5476      2.679
   13       -4.25       -0.74       0.5095      3.454
   14       -4.59       -1.11       0.4917      3.284
   15       -4.96       -0.92       0.3477      2.470
   16       -5.99        0.57       0.3437      2.325
   17       -5.20       -0.63       0.3378      2.483
   18       -5.05       -1.07       0.3361      2.804
   19       -5.47       -1.07       0.3290      2.560
   20       -4.35       -0.77       0.3255      3.368
