              _             
             (_)            
   __ _ _ __  _ _ __   __ _ 
  / _` | '_ \| | '_ \ / _` |
 | (_| | | | | | | | | (_| |
  \__, |_| |_|_|_| |_|\__,_|
   __/ |                    
  |___/                     

gnina  master:2eb9c41   Built Mar  3 2025.
gnina is based on smina and AutoDock Vina.
Please cite appropriately.

Commandline: /triumvirate/apps/gnina/bin/gnina -r rec_0.pdb -l lig_B_0.pdb --score_only -o scored_B_0.sdf --log result_lig_B_0.log
## Name gauss(o=0,_w=0.5,_c=8) gauss(o=3,_w=2,_c=8) repulsion(o=0,_c=8) hydrophobic(g=0.5,_b=1.5,_c=8) non_dir_h_bond(g=-0.7,_b=0,_c=8) num_tors_div
Affinity: -3.94772 (kcal/mol)
CNNscore: 0.87391 
CNNaffinity: 4.27858
CNNvariance: 0.77465
Intramolecular energy: -3.61956
Term values, before weighting:
##  65.50443 1035.47888 2.78422 0.00000 3.93262 0.00000
