              _             
             (_)            
   __ _ _ __  _ _ __   __ _ 
  / _` | '_ \| | '_ \ / _` |
 | (_| | | | | | | | | (_| |
  \__, |_| |_|_|_| |_|\__,_|
   __/ |                    
  |___/                     

gnina  master:2eb9c41   Built Mar  3 2025.
gnina is based on smina and AutoDock Vina.
Please cite appropriately.

Commandline: /triumvirate/apps/gnina/bin/gnina -r rec_0.pdb -l lig_C_0.pdb --score_only -o scored_C_0.sdf --log result_lig_C_0.log
## Name gauss(o=0,_w=0.5,_c=8) gauss(o=3,_w=2,_c=8) repulsion(o=0,_c=8) hydrophobic(g=0.5,_b=1.5,_c=8) non_dir_h_bond(g=-0.7,_b=0,_c=8) num_tors_div
Affinity: -2.70319 (kcal/mol)
CNNscore: 0.88613 
CNNaffinity: 4.89474
CNNvariance: 1.12199
Intramolecular energy: -3.24630
Term values, before weighting:
##  58.08485 633.01526 2.74524 0.00000 3.75851 0.00000
