              _             
             (_)            
   __ _ _ __  _ _ __   __ _ 
  / _` | '_ \| | '_ \ / _` |
 | (_| | | | | | | | | (_| |
  \__, |_| |_|_|_| |_|\__,_|
   __/ |                    
  |___/                     

gnina  master:2eb9c41   Built Mar  3 2025.
gnina is based on smina and AutoDock Vina.
Please cite appropriately.

Commandline: /triumvirate/apps/gnina/bin/gnina -r rec_0.pdb -l aLaminaribiose.sdf --autobox_ligand lig_D_0.pdb --num_modes 20 -o result_D_0.sdf --log result_lig_D_0.log
Using random seed: -672010328

mode |  affinity  |  intramol  |    CNN     |   CNN
     | (kcal/mol) | (kcal/mol) | pose score | affinity
-----+------------+------------+------------+----------
    1       -4.58       -0.88       0.9274      3.228
    2       -4.81       -1.25       0.9001      3.302
    3       -4.61       -0.89       0.8472      3.479
    4       -4.39       -0.99       0.8247      3.254
    5       -4.56       -1.12       0.7921      3.727
    6       -4.53       -0.81       0.7866      3.642
    7       -4.65       -1.24       0.7672      2.972
    8       -4.47       -0.56       0.7604      3.791
    9       -5.33       -1.31       0.6702      3.490
   10       -4.83       -1.30       0.6510      3.000
   11       -4.75       -0.98       0.6325      3.525
   12       -4.65       -0.80       0.6245      3.479
   13       -5.49       -1.09       0.6142      2.807
   14       -4.66       -0.78       0.6095      3.870
   15       -6.49       -0.72       0.5107      2.971
   16       -4.43       -1.08       0.4374      3.117
   17       -4.91        0.78       0.3500      2.553
   18       -4.92       -0.95       0.3223      2.899
   19       -4.55       -0.65       0.2965      3.051
   20       -5.88       -0.21       0.2965      2.961
