              _             
             (_)            
   __ _ _ __  _ _ __   __ _ 
  / _` | '_ \| | '_ \ / _` |
 | (_| | | | | | | | | (_| |
  \__, |_| |_|_|_| |_|\__,_|
   __/ |                    
  |___/                     

gnina  master:2eb9c41   Built Mar  3 2025.
gnina is based on smina and AutoDock Vina.
Please cite appropriately.

Commandline: /triumvirate/apps/gnina/bin/gnina -r rec_0.pdb -l aLaminaribiose.sdf --autobox_ligand lig_B_0.pdb --num_modes 20 -o result_B_0.sdf --log result_lig_B_0.log
Using random seed: -990477364

mode |  affinity  |  intramol  |    CNN     |   CNN
     | (kcal/mol) | (kcal/mol) | pose score | affinity
-----+------------+------------+------------+----------
    1       -5.71       -0.60       0.9023      2.986
    2       -6.21        0.23       0.8946      3.242
    3       -5.36       -1.07       0.8914      3.377
    4       -5.68       -0.57       0.8515      3.109
    5       -5.13        0.74       0.8452      2.845
    6       -5.08       -1.12       0.8218      3.127
    7       -4.72       -1.04       0.8093      2.920
    8       -5.55       -1.33       0.7887      2.850
    9       -5.31       -1.18       0.7588      2.994
   10       -5.09       -1.19       0.7287      3.547
   11       -5.17       -0.41       0.6981      3.030
   12       -5.28       -1.06       0.6981      2.946
   13       -5.89        0.19       0.6959      2.832
   14       -5.67       -0.78       0.6730      3.127
   15       -6.68       -0.50       0.6497      2.814
   16       -6.16        0.23       0.5007      3.159
   17       -4.53       -0.48       0.4858      3.035
   18       -4.91       -0.82       0.4394      2.717
   19       -5.11       -0.70       0.4384      3.529
   20       -5.25       -0.46       0.4158      3.177
