              _             
             (_)            
   __ _ _ __  _ _ __   __ _ 
  / _` | '_ \| | '_ \ / _` |
 | (_| | | | | | | | | (_| |
  \__, |_| |_|_|_| |_|\__,_|
   __/ |                    
  |___/                     

gnina  master:2eb9c41   Built Mar  3 2025.
gnina is based on smina and AutoDock Vina.
Please cite appropriately.

Commandline: /triumvirate/apps/gnina/bin/gnina -r rec_0.pdb -l aLaminaribiose.sdf --autobox_ligand lig_C_0.pdb --num_modes 20 -o result_C_0.sdf --log result_lig_C_0.log
Using random seed: 1719533774

mode |  affinity  |  intramol  |    CNN     |   CNN
     | (kcal/mol) | (kcal/mol) | pose score | affinity
-----+------------+------------+------------+----------
    1       -4.14       -1.24       0.9463      3.352
    2       -4.78       -1.00       0.9445      2.955
    3       -5.21       -0.92       0.9416      3.192
    4       -4.42       -1.27       0.9286      2.982
    5       -4.25       -1.03       0.9215      3.108
    6       -4.07       -1.13       0.9160      3.256
    7       -4.45        0.29       0.9152      2.779
    8       -4.13       -0.76       0.8520      3.004
    9       -3.81       -1.29       0.8374      3.170
   10       -5.00        0.18       0.8227      3.133
   11       -3.87       -1.24       0.8122      2.818
   12       -4.77       -1.14       0.8008      2.969
   13       -3.78       -1.31       0.7948      3.115
   14       -5.63       -0.44       0.7559      3.087
   15       -4.15       -0.91       0.7482      3.050
   16       -3.93       -1.01       0.7399      2.774
   17       -3.74       -1.26       0.7392      2.894
   18       -5.40       -1.05       0.7380      3.327
   19       -5.14       -1.15       0.7287      2.914
   20       -3.71       -1.21       0.7105      2.853
