              _             
             (_)            
   __ _ _ __  _ _ __   __ _ 
  / _` | '_ \| | '_ \ / _` |
 | (_| | | | | | | | | (_| |
  \__, |_| |_|_|_| |_|\__,_|
   __/ |                    
  |___/                     

gnina  master:2eb9c41   Built Mar  3 2025.
gnina is based on smina and AutoDock Vina.
Please cite appropriately.

Commandline: /triumvirate/apps/gnina/bin/gnina -r rec_0.pdb -l bGlc.sdf --autobox_ligand lig_C_0.pdb --num_modes 20 -o result_C_0.sdf --log result_lig_C_0.log
Using random seed: 343675288

mode |  affinity  |  intramol  |    CNN     |   CNN
     | (kcal/mol) | (kcal/mol) | pose score | affinity
-----+------------+------------+------------+----------
    1       -4.39       -0.24       0.9578      2.640
    2       -3.69       -0.25       0.9522      2.659
    3       -4.37       -0.05       0.9499      3.004
    4       -3.70       -0.05       0.9351      2.595
    5       -4.06       -0.25       0.9204      2.681
    6       -4.61       -0.19       0.9185      2.610
    7       -4.17       -0.05       0.9023      2.828
    8       -4.08       -0.21       0.8782      2.721
    9       -3.83       -0.24       0.8757      2.686
   10       -3.89       -0.07       0.8721      2.656
   11       -3.89       -0.06       0.8597      2.712
   12       -3.30       -0.25       0.8509      2.756
   13       -4.04       -0.25       0.8306      2.837
   14       -4.00       -0.05       0.8298      2.629
   15       -3.50       -0.25       0.8143      2.531
   16       -3.66       -0.04       0.8079      2.607
   17       -3.99       -0.04       0.7401      2.843
   18       -3.46       -0.25       0.6640      2.644
   19       -4.08       -0.06       0.6563      2.711
   20       -3.32       -0.05       0.6540      2.708
