              _             
             (_)            
   __ _ _ __  _ _ __   __ _ 
  / _` | '_ \| | '_ \ / _` |
 | (_| | | | | | | | | (_| |
  \__, |_| |_|_|_| |_|\__,_|
   __/ |                    
  |___/                     

gnina  master:2eb9c41   Built Mar  3 2025.
gnina is based on smina and AutoDock Vina.
Please cite appropriately.

Commandline: /triumvirate/apps/gnina/bin/gnina -r rec_0.pdb -l bGlc.sdf --autobox_ligand lig_B_0.pdb --num_modes 20 -o result_B_0.sdf --log result_lig_B_0.log
Using random seed: 190207976

mode |  affinity  |  intramol  |    CNN     |   CNN
     | (kcal/mol) | (kcal/mol) | pose score | affinity
-----+------------+------------+------------+----------
    1       -4.45       -0.20       0.9694      2.759
    2       -4.21       -0.25       0.9622      2.857
    3       -3.67       -0.24       0.9565      2.689
    4       -4.45       -0.21       0.9521      2.735
    5       -4.50       -0.05       0.9490      2.802
    6       -3.76       -0.04       0.9401      2.834
    7       -4.09       -0.04       0.9374      2.734
    8       -3.91       -0.04       0.9359      2.782
    9       -3.75       -0.05       0.9327      2.683
   10       -4.03       -0.23       0.9324      2.735
   11       -4.06       -0.05       0.9294      2.745
   12       -3.86       -0.21       0.9213      2.736
   13       -4.16       -0.05       0.9128      2.713
   14       -3.64       -0.25       0.9071      2.717
   15       -3.43       -0.24       0.8991      2.703
   16       -3.25       -0.05       0.8576      2.720
   17       -2.88       -0.06       0.8516      3.028
   18       -4.06       -0.05       0.8162      2.643
   19       -2.94       -0.04       0.8018      2.679
   20       -3.47       -0.24       0.7601      2.637
