              _             
             (_)            
   __ _ _ __  _ _ __   __ _ 
  / _` | '_ \| | '_ \ / _` |
 | (_| | | | | | | | | (_| |
  \__, |_| |_|_|_| |_|\__,_|
   __/ |                    
  |___/                     

gnina  master:2eb9c41   Built Mar  3 2025.
gnina is based on smina and AutoDock Vina.
Please cite appropriately.

Commandline: /triumvirate/apps/gnina/bin/gnina -r rec_0.pdb -l bGlc.sdf --autobox_ligand lig_D_0.pdb --num_modes 20 -o result_D_0.sdf --log result_lig_D_0.log
Using random seed: -1247044042

mode |  affinity  |  intramol  |    CNN     |   CNN
     | (kcal/mol) | (kcal/mol) | pose score | affinity
-----+------------+------------+------------+----------
    1       -4.62       -0.05       0.9572      2.855
    2       -4.02       -0.04       0.9512      2.804
    3       -4.09       -0.25       0.9466      2.878
    4       -4.62       -0.19       0.9464      2.693
    5       -4.21       -0.07       0.9413      2.876
    6       -4.64       -0.05       0.9284      2.844
    7       -4.08       -0.23       0.9277      2.729
    8       -4.24       -0.23       0.9167      2.852
    9       -4.43       -0.24       0.9162      2.666
   10       -3.98       -0.23       0.9041      2.707
   11       -4.00       -0.25       0.8949      2.678
   12       -4.31        0.21       0.8921      3.007
   13       -3.99       -0.24       0.8747      2.730
   14       -3.62       -0.25       0.8705      3.015
   15       -3.75       -0.23       0.8670      3.178
   16       -4.32       -0.23       0.8213      2.841
   17       -3.79       -0.07       0.7916      2.944
   18       -3.61       -0.06       0.7522      3.146
   19       -3.89       -0.24       0.7381      2.950
   20       -3.74       -0.05       0.7138      3.557
